../Drivers/CMSIS/Include/core_cm4.h:2064:26:ITM_SendChar	16	static,ignoring_inline_asm
../Core/Src/main.c:45:5:_write	32	static
../Core/Src/main.c:58:5:main	16	static
../Core/Src/main.c:93:6:SystemClock_Config	88	static
../Core/Src/main.c:141:13:MX_USART2_UART_Init	8	static
../Core/Src/main.c:162:13:MX_GPIO_Init	48	static
../Core/Src/main.c:191:6:convertTicksToTime	32	static
../Core/Src/main.c:207:6:StartTask1	32	static
../Core/Src/main.c:238:6:StartTask2	32	static
../Core/Src/main.c:266:6:StartTask3	32	static
../Core/Src/main.c:299:6:HAL_TIM_PeriodElapsedCallback	16	static
../Core/Src/main.c:316:6:Error_Handler	4	static,ignoring_inline_asm
