../Drivers/CMSIS/Include/core_cm4.h:2064:26:ITM_SendChar	16	static,ignoring_inline_asm
../Core/Src/main.c:53:5:_write	32	static
../Core/Src/main.c:66:5:main	112	static
../Core/Src/main.c:133:6:SystemClock_Config	88	static
../Core/Src/main.c:181:13:MX_USART2_UART_Init	8	static
../Core/Src/main.c:214:13:MX_GPIO_Init	48	static
../Core/Src/main.c:257:6:Startnormaltask	16	static
../Core/Src/main.c:274:6:Starthightask	16	static
../Core/Src/main.c:303:6:Startlowtask	16	static
../Core/Src/main.c:346:6:HAL_TIM_PeriodElapsedCallback	16	static
../Core/Src/main.c:363:6:Error_Handler	4	static,ignoring_inline_asm
